"You have an error in your SQL syntax"
"Warning: mysql_fetch_array()"
"Warning: mysql_num_rows()"
"Warning: mysql_query()"
"Warning: pg_query()"
"Warning: odbc_exec()"
"Fatal error: Uncaught Error: Call to undefined function mysql_connect()"
"Unclosed quotation mark after the character string"
"Microsoft OLE DB Provider for ODBC Drivers error"
"Syntax error in string in query expression"
"Incorrect syntax near"
"Invalid SQL statement"
"Unknown column"
"Column not found"
"Table not found"
"SQLSTATE[42000]: Syntax error or access violation"
"SQLSTATE[HY000]: General error"
"ERROR: unterminated quoted string at or near"
"ODBC SQL error"
"SQLite Error: near"
"SQLite3::exec(): near"
"SQL syntax error"
"OperationalError: near"
"Missing operand before"
"Unexpected end of SQL command"
"Invalid use of NULL keyword"
"Incorrect usage of UNION and ORDER BY"
